CAD -> URDF export log : UR5 fixed manipulator
robot name     : ur5
ROS 2 package  : ur5_description
parts exported : 22 STEP files

LINKS
  world                    (frame only, no geometry)
  pedestal_link            mass  25.0000 kg  com (0 0 0.327162)  mesh meshes/pedestal_link.STL  parts: pedestal_column, pedestal_top_plate, pedestal_foot_plate
  base_link                mass   4.0000 kg  com (0 0 0.0133971)  mesh meshes/base_link.STL  parts: ur5_base_flange, ur5_base_housing
  shoulder_link            mass   3.7000 kg  com (0 0.035876 0.000234252)  mesh meshes/shoulder_link.STL  parts: ur5_shoulder_pan_motor, ur5_shoulder_lift_motor
  upper_arm_link           mass   8.3930 kg  com (0 0.0117467 0.264596)  mesh meshes/upper_arm_link.STL  parts: ur5_upper_arm_lift_cap, ur5_upper_arm_tube, ur5_elbow_motor
  forearm_link             mass   2.2750 kg  com (0 -0.03 0.188958)  mesh meshes/forearm_link.STL  parts: ur5_forearm_elbow_cap, ur5_forearm_tube, ur5_wrist_1_motor
  wrist_1_link             mass   1.2190 kg  com (0 0.0687143 0)  mesh meshes/wrist_1_link.STL  parts: ur5_wrist_1_cap, ur5_wrist_2_motor
  wrist_2_link             mass   1.2190 kg  com (0 0.00215909 0.0889023)  mesh meshes/wrist_2_link.STL  parts: ur5_wrist_2_cap, ur5_wrist_3_motor
  wrist_3_link             mass   0.1879 kg  com (0 0.06615 0)  mesh meshes/wrist_3_link.STL  parts: ur5_tool_flange
  tool0                    (frame only, no geometry)
  gripper_base_link        mass   0.2500 kg  com (0.0267883 0 0)  mesh meshes/gripper_base_link.STL  parts: gripper_adapter, gripper_body
  gripper_left_finger      mass   0.0300 kg  com (0.0325 0.006 0)  mesh meshes/gripper_left_finger.STL  parts: gripper_finger_left
  gripper_right_finger     mass   0.0300 kg  com (0.0325 -0.006 0)  mesh meshes/gripper_right_finger.STL  parts: gripper_finger_right
  grasp_point              (frame only, no geometry)

JOINTS
  world_joint              fixed      world -> pedestal_link  xyz (0 0 0) rpy (0 0 0) axis (0 0 1)
  pedestal_joint           fixed      pedestal_link -> base_link  xyz (0 0 0.7) rpy (0 0 0) axis (0 0 1)
  shoulder_pan_joint       revolute   base_link -> shoulder_link  xyz (0 0 0.089159) rpy (0 0 0) axis (0 0 1)  limits [-6.28319, 6.28319]
  shoulder_lift_joint      revolute   shoulder_link -> upper_arm_link  xyz (0 0.13585 0) rpy (0 1.5708 0) axis (0 1 0)  limits [-6.28319, 6.28319]
  elbow_joint              revolute   upper_arm_link -> forearm_link  xyz (0 -0.1197 0.425) rpy (0 0 0) axis (0 1 0)  limits [-3.14159, 3.14159]
  wrist_1_joint            revolute   forearm_link -> wrist_1_link  xyz (0 0 0.39225) rpy (0 1.5708 0) axis (0 1 0)  limits [-6.28319, 6.28319]
  wrist_2_joint            revolute   wrist_1_link -> wrist_2_link  xyz (0 0.093 0) rpy (0 0 0) axis (0 0 1)  limits [-6.28319, 6.28319]
  wrist_3_joint            revolute   wrist_2_link -> wrist_3_link  xyz (0 0 0.09465) rpy (0 0 0) axis (0 1 0)  limits [-6.28319, 6.28319]
  tool0_joint              fixed      wrist_3_link -> tool0  xyz (0 0.0823 0) rpy (0 0 1.5708) axis (0 0 1)
  gripper_mount_joint      fixed      tool0 -> gripper_base_link  xyz (0 0 0) rpy (0 0 0) axis (0 0 1)
  gripper_left_joint       prismatic  gripper_base_link -> gripper_left_finger  xyz (0.05 0.012 0) rpy (0 0 0) axis (0 1 0)  limits [0, 0.035]
  gripper_right_joint      prismatic  gripper_base_link -> gripper_right_finger  xyz (0.05 -0.012 0) rpy (0 0 0) axis (0 -1 0)  limits [0, 0.035]
  grasp_point_joint        fixed      gripper_base_link -> grasp_point  xyz (0.095 0 0) rpy (0 0 0) axis (0 0 1)
